
> floodgate@2.0.0 test
> node --experimental-vm-modules node_modules/jest/bin/jest.js

  console.log
    Loading user agents from file...

      at src/utils/useragents.js:43:21

  console.log
    Loaded 13 user agents from file.

      at src/utils/useragents.js:54:25

node.exe : FAIL tests/s
ervices/attack.service.
test.js
At C:\nvm4w\nodejs\npm.
ps1:16 char:5
+     & 
"$basedir/node$exe"  "$
basedir/node_modules/np
m/bin/npm-cli.js" ...
+     ~~~~~~~~~~~~~~~~~
~~~~~~~~~~~~~~~~~~~~~~~
~~~~~~~~~~~~~~~~~~~~~~~
~~
    + CategoryInfo     
         : NotSpecifi  
  ed: (FAIL tests/se   
 rv...service.test.    
js:String) [], Rem    
oteException
    + FullyQualifiedEr 
   rorId : NativeComm  
  andError
 
  ΓùÅ Test suite 
failed to run

    ReferenceError: 
jest is not defined

    [0m [90m  9 
|[39m
     [90m 10 |[39m 
[90m// Mock 
dependencies[39m
    [31m[1m>[22m[39
m[90m 11 |[39m jest[
33m.[39mmock([32m'../
../src/services/ngl.ser
vice.js'[39m)[33m;[3
9m
     [90m    |[39m 
[31m[1m^[22m[39m
     [90m 12 |[39m je
st[33m.[39mmock([32m
'../../src/services/sta
ts.service.js'[39m)[3
3m;[39m
     [90m 13 |[39m je
st[33m.[39mmock([32m
'../../src/services/use
r.service.js'[39m)[33
m;[39m
     [90m 14 
|[39m[0m

      at tests/services
/attack.service.test.js
:11:1

Test Suites: 1 failed, 
1 total
Tests:       0 total
Snapshots:   0 total
Time:        0.801 s
Ran all test suites.
(node:17536) 
ExperimentalWarning: 
VM Modules is an 
experimental feature 
and might change at 
any time
(Use `node 
--trace-warnings ...` 
to show where the 
warning was created)
